[designcarebd.com/corvance/index.html]
[backblue.gif]
[fade.gif]
[index.html]
[designcarebd.com/corvance/assets/img/febicon.png]
[designcarebd.com/corvance/index-2.html]
[designcarebd.com/corvance/assets/img/logo.png]
[designcarebd.com/corvance/index2.html]
[designcarebd.com/corvance/404.html]
[designcarebd.com/corvance/about.html]
[designcarebd.com/corvance/service.html]
[designcarebd.com/corvance/service2.html]
[designcarebd.com/corvance/single-service.html]
[designcarebd.com/corvance/project.html]
[designcarebd.com/corvance/project2.html]
[designcarebd.com/corvance/single-project.html]
[designcarebd.com/corvance/blog.html]
[designcarebd.com/corvance/blog2.html]
[designcarebd.com/corvance/single-post.html]
[designcarebd.com/corvance/contact.html]
[designcarebd.com/corvance/assets/img/works/1.jpg]
[designcarebd.com/corvance/assets/img/works/2.jpg]
[designcarebd.com/corvance/assets/img/works/3.jpg]
[designcarebd.com/corvance/assets/img/works/4.jpg]
[designcarebd.com/corvance/assets/img/works/5.jpg]
[designcarebd.com/corvance/assets/img/works/6.jpg]
[designcarebd.com/corvance/assets/img/works/7.jpg]
[designcarebd.com/corvance/assets/img/team/1.jpg]
[designcarebd.com/corvance/assets/img/team/2.jpg]
[designcarebd.com/corvance/assets/img/team/3.jpg]
[designcarebd.com/corvance/assets/img/testimonial/1.png]
[designcarebd.com/corvance/assets/img/testimonial/2.png]
[designcarebd.com/corvance/assets/img/testimonial/3.png]
[designcarebd.com/corvance/assets/img/news/01.jpg]
[designcarebd.com/corvance/assets/img/news/022.jpg]
[designcarebd.com/corvance/assets/img/news/01-full.jpg]
[designcarebd.com/corvance/assets/img/logo-footer.png]
[designcarebd.com/corvance/assets/img/footer-top/f-01.jpg]
[designcarebd.com/corvance/assets/img/footer-top/f-02.jpg]
[designcarebd.com/corvance/assets/img/footer-top/f-03.jpg]
[designcarebd.com/corvance/assets/img/footer-top/f-04.jpg]
[designcarebd.com/corvance/assets/img/footer-top/f-05.jpg]
[designcarebd.com/corvance/assets/img/footer-top/f-06.jpg]
[designcarebd.com/corvance/assets/img/footer-top/f-07.jpg]
[designcarebd.com/corvance/assets/img/footer-top/f-08.jpg]
[designcarebd.com/corvance/assets/img/footer-top/f-09.jpg]
[designcarebd.com/corvance/index.html]
[designcarebd.com/corvance/assets/css/bootstrap.min.css]
[designcarebd.com/corvance/assets/fonts/fontawesome-webfont3e6e.eot]
[designcarebd.com/corvance/assets/fonts/fontawesome-webfontd41d.eot]
[designcarebd.com/corvance/assets/fonts/fontawesome-webfont3e6e.woff2]
[designcarebd.com/corvance/assets/fonts/fontawesome-webfont3e6e.woff]
[designcarebd.com/corvance/assets/fonts/fontawesome-webfont3e6e.ttf]
[designcarebd.com/corvance/assets/css/font-awesome.min.css]
[designcarebd.com/corvance/assets/css/meanmenu.css]
[designcarebd.com/corvance/assets/css/normalize.css]
[designcarebd.com/corvance/assets/img/grabbing.png]
[designcarebd.com/corvance/assets/css/owl.carousel.min.css]
[designcarebd.com/corvance/assets/css/owl.transitions.css]
[designcarebd.com/corvance/assets/css/magnific-popup.css]
[designcarebd.com/corvance/assets/img/preloader.gif]
[designcarebd.com/corvance/assets/img/slider/01.jpg]
[designcarebd.com/corvance/assets/img/slider/02.jpg]
[designcarebd.com/corvance/assets/img/slider/03.jpg]
[designcarebd.com/corvance/assets/img/about/about.jpg]
[designcarebd.com/corvance/assets/img/bg/counter-bg.jpg]
[designcarebd.com/corvance/assets/img/bg/testimonial-bg.jpg]
[designcarebd.com/corvance/assets/img/bg/page-title-bg.jpg]
[designcarebd.com/corvance/assets/img/bg/video-bg.jpg]
[designcarebd.com/corvance/assets/img/search2.png]
[designcarebd.com/corvance/assets/css/style.css]
[designcarebd.com/corvance/assets/css/responsive.css]
[designcarebd.com/corvance/index-2.html]
[designcarebd.com/corvance/assets/img/news/02.jpg]
[designcarebd.com/corvance/assets/img/news/03.jpg]
[designcarebd.com/corvance/assets/img/news/04.jpg]
[designcarebd.com/corvance/index2.html]
[designcarebd.com/corvance/assets/img/404.png]
[designcarebd.com/corvance/404.html]
[designcarebd.com/corvance/assets/img/about/2.png]
[designcarebd.com/corvance/assets/img/about/3.png]
[designcarebd.com/corvance/assets/img/clients/1.png]
[designcarebd.com/corvance/assets/img/clients/2.png]
[designcarebd.com/corvance/assets/img/clients/3.png]
[designcarebd.com/corvance/assets/img/clients/4.png]
[designcarebd.com/corvance/assets/img/clients/5.png]
[designcarebd.com/corvance/assets/img/clients/6.png]
[designcarebd.com/corvance/assets/img/clients/7.png]
[designcarebd.com/corvance/about.html]
[designcarebd.com/corvance/service.html]
[designcarebd.com/corvance/assets/img/service/01.jpg]
[designcarebd.com/corvance/assets/img/service/02.jpg]
[designcarebd.com/corvance/assets/img/service/03.jpg]
[designcarebd.com/corvance/assets/img/service/04.jpg]
[designcarebd.com/corvance/assets/img/service/05.jpg]
[designcarebd.com/corvance/assets/img/service/06.jpg]
[designcarebd.com/corvance/assets/img/service/07.jpg]
[designcarebd.com/corvance/assets/img/service/08.jpg]
[designcarebd.com/corvance/assets/img/service/09.jpg]
[designcarebd.com/corvance/service2.html]
[designcarebd.com/corvance/assets/img/service-slider/01.jpg]
[designcarebd.com/corvance/assets/img/service-slider/02.jpg]
[designcarebd.com/corvance/assets/img/service-slider/03.jpg]
[designcarebd.com/corvance/single-service.html]
[designcarebd.com/corvance/project.html]
[designcarebd.com/corvance/project2.html]
[designcarebd.com/corvance/assets/img/single-project/1.png]
[designcarebd.com/corvance/assets/img/single-project/fb-news.png]
[designcarebd.com/corvance/single-project.html]
[designcarebd.com/corvance/assets/img/blog/04.jpg]
[designcarebd.com/corvance/assets/img/blog/02.jpg]
[designcarebd.com/corvance/assets/img/blog/03.jpg]
[designcarebd.com/corvance/assets/img/blog/05.jpg]
[designcarebd.com/corvance/blog.html]
[designcarebd.com/corvance/assets/img/blog2/01.jpg]
[designcarebd.com/corvance/assets/img/blog2/02.jpg]
[designcarebd.com/corvance/assets/img/blog2/03.jpg]
[designcarebd.com/corvance/assets/img/blog2/04.jpg]
[designcarebd.com/corvance/assets/img/blog2/05.jpg]
[designcarebd.com/corvance/assets/img/blog2/06.jpg]
[designcarebd.com/corvance/blog2.html]
[designcarebd.com/corvance/assets/img/blog/01.jpg]
[designcarebd.com/corvance/assets/img/blog/avatar.png]
[designcarebd.com/corvance/single-post.html]
[designcarebd.com/corvance/contact.html]
[designcarebd.com/corvance/assets/js/jquery.min.js]
[designcarebd.com/corvance/assets/js/bootstrap.min.js]
[designcarebd.com/corvance/assets/js/jquery.mixitup.js]
[designcarebd.com/corvance/assets/js/plugin.js]
[designcarebd.com/corvance/assets/js/owl.carousel.min.js]
[designcarebd.com/corvance/assets/js/jquery.magnific-popup.min.js]
[designcarebd.com/corvance/assets/js/jquery.ajaxchimp.min.js]
[designcarebd.com/corvance/assets/js/jquery.meanmenu.js]
[designcarebd.com/corvance/assets/js/main_script.js]
[designcarebd.com/corvance/assets/fonts/glyphicons-halflings-regular.html]
[designcarebd.com/corvance/assets/fonts/glyphicons-halflings-regulard41d.html]
[designcarebd.com/corvance/assets/fonts/glyphicons-halflings-regular-2.html]
[designcarebd.com/corvance/assets/fonts/glyphicons-halflings-regular-3.html]
[designcarebd.com/corvance/assets/fonts/glyphicons-halflings-regular-4.html]
[designcarebd.com/corvance/assets/fonts/glyphicons-halflings-regular-5.html]
[designcarebd.com/corvance/assets/fonts/fontawesome-webfont3e6e.svg]
[designcarebd.com/corvance/assets/img/blog/1.html]
[designcarebd.com/corvance/Popover requires tooltip.html]
